Hand_Santizers/Top5_Hand_Sanitizers/Top5Pur&Eff - Bath & Body.csv
#,Date,Rank,Price,Sales
626,5/24/2021,26683,15.99,23
627,5/23/2021,26362,17.01,23
628,5/22/2021,24859,18.03,25
629,5/21/2021,29289,17.64,20
630,5/20/2021,28318,17.05,21
631,5/19/2021,24908,16.46,25
632,5/18/2021,18641,17.07,34
633,5/17/2021,21621,17.64,29
634,5/16/2021,20722,18.21,31
635,5/15/2021,20358,18.78,32
636,5/14/2021,21488,19.35,30
637,5/13/2021,18289,19.92,35
638,5/12/2021,19104,19.99,34
639,5/11/2021,17947,19.82,36
640,5/10/2021,16515,19.76,40
641,5/9/2021,16470,19.7,40
642,5/8/2021,14920,19.64,45
643,5/7/2021,14956,19.58,45
644,5/6/2021,18877,19.52,34
645,5/5/2021,16762,19.46,39
646,5/4/2021,17145,19.4,38
647,5/3/2021,18915,19.34,34
648,5/2/2021,18329,19.28,35
649,5/1/2021,14485,19.22,46
650,4/30/2021,14637,19.16,46
651,4/29/2021,17713,19.1,37
652,4/28/2021,15330,19.04,44
653,4/27/2021,15181,18.98,44
654,4/26/2021,17343,18.92,38
655,4/25/2021,19548,19.99,33
656,4/24/2021,19454,19.82,33
657,4/23/2021,19692,19.76,33
658,4/22/2021,18231,19.7,35
659,4/21/2021,20741,19.64,31
660,4/20/2021,21554,19.58,30
661,4/19/2021,21060,19.52,30
662,4/18/2021,21687,19.46,29
663,4/17/2021,20222,19.4,32
664,4/16/2021,19402,19.34,33
665,4/15/2021,21468,19.28,30
666,4/14/2021,19302,19.22,33
667,4/13/2021,19101,19.16,34
668,4/12/2021,19801,19.1,32
669,4/11/2021,24524,19.04,26
670,4/10/2021,24361,18.98,26
671,4/9/2021,23477,18.92,27
672,4/8/2021,24669,19.45,25
673,4/7/2021,24904,19.98,25
674,4/6/2021,22564,20.51,28
675,4/5/2021,21614,21.04,30
676,4/4/2021,20730,21.57,31
677,4/3/2021,22748,22.1,28
678,4/2/2021,21706,22.63,29
679,4/1/2021,18274,21.75,35
680,3/31/2021,18236,20.87,35
681,3/30/2021,21857,19.99,29
682,3/29/2021,27356,20.31,22
683,3/28/2021,22114,20.6,29
684,3/27/2021,18316,20.89,35
685,3/26/2021,18399,21.18,35
686,3/25/2021,19845,21.47,32
687,3/24/2021,18810,21.76,34
688,3/23/2021,18505,22.05,35
689,3/22/2021,16034,22.34,42
690,3/21/2021,19671,22.63,33
691,3/20/2021,18706,22.09,34
692,3/19/2021,17271,21.56,38
693,3/18/2021,18382,21.03,35
694,3/17/2021,17970,20.5,36
695,3/16/2021,22338,20.7,28
696,3/15/2021,23114,20.9,27
697,3/14/2021,20036,21.1,32
698,3/13/2021,20765,21.3,31
699,3/12/2021,18320,20.5,35
700,3/11/2021,17298,21.57,38
701,3/10/2021,24491,22.63,26
702,3/9/2021,21868,21.56,29
703,3/8/2021,20681,20.5,31
704,3/7/2021,23198,20.39,27
705,3/6/2021,22304,20.35,28
706,3/5/2021,23141,20.31,27
707,3/4/2021,22977,20.27,27
708,3/3/2021,25124,20.23,25
709,3/2/2021,24825,20.19,25
710,3/1/2021,24629,20.15,25
711,2/28/2021,25378,20.11,25
712,2/27/2021,27042,20.07,23
713,2/26/2021,27133,20.03,23
714,2/25/2021,24124,19.99,26
715,2/24/2021,21377,20.95,30
716,2/23/2021,27520,21.9,22
717,2/22/2021,26651,21.9,23
718,2/21/2021,26934,21.9,23
719,2/20/2021,31610,21.9,18
720,2/19/2021,30200,21.9,19
721,2/18/2021,24667,21.9,25
722,2/17/2021,29922,21.9,19
723,2/16/2021,33192,21.9,17
724,2/15/2021,31481,21.9,18
725,2/14/2021,25187,21.9,25
726,2/13/2021,25576,21.9,24
727,2/12/2021,25418,21.9,25
728,2/11/2021,25127,21.9,25
729,2/10/2021,28124,21.9,21
730,2/9/2021,25321,21.9,25
